// Jest Snapshot v1, https://goo.gl/fbAQLP

exports[`renders CardList 1`] = `ShallowWrapper {}`;
