// Jest Snapshot v1, https://goo.gl/fbAQLP

exports[`renders Counter Button 1`] = `ShallowWrapper {}`;
