// Jest Snapshot v1, https://goo.gl/fbAQLP

exports[`renders MainPage correctly when isPending is true 1`] = `ShallowWrapper {}`;

exports[`renders Mainpage without crashing 1`] = `ShallowWrapper {}`;
